[backblue.gif]
[fade.gif]
[index.html]
[www.swarnatara.com/images/logo.png]
[www.swarnatara.com/favicon.ico]
[www.swarnatara.com/images/favicon.png]
[www.google-analytics.com/analytics.js]
[www.swarnatara.com/images/petalFlower2.png]
[www.swarnatara.com/images/logo2.png]
[www.swarnatara.com/images/swarntaraConsultancy.png]
[www.swarnatara.com/images/icons/sctpIcon.png]
[www.swarnatara.com/images/swarntaraFinance.png]
[www.swarnatara.com/images/icons/shfIcon.png]
[www.swarnatara.com/images/swarntaraJewels.png]
[www.swarnatara.com/images/icons/jewelsIcon.png]
[www.swarnatara.com/images/swarntaraHealthCare.png]
[www.swarnatara.com/images/icons/healthIcon.png]
[www.swarnatara.com/images/swarntaraFashion.png]
[www.swarnatara.com/images/icons/fashionIcon.png]
[www.swarnatara.com/images/swarntaraDevelopers.png]
[www.swarnatara.com/images/icons/developerIcon.png]
[www.swarnatara.com/images/swarntaraCollobrations.png]
[www.swarnatara.com/images/icons/collabIcon.png]
[www.swarnatara.com/images/icons/TOURRR.png]
[www.swarnatara.com/images/icons/swarntaraTravel.png]
[www.swarnatara.com/images/spirituals.png]
[www.swarnatara.com/images/icons/spiritualsIcon.png]
[www.swarnatara.com/js/jquery-1.11.3.js]
[www.swarnatara.com/js/bootstrap.min.js]
[www.swarnatara.com/images/icons/groupICon.png]
[www.swarnatara.com/images/icons/toursIcon.png]
[www.swarnatara.com/index.html]
[www.swarnatara.com/images/petalFlower.png]
[www.swarnatara.com/css/landing-style.css]
[www.swarnatara.com/images/consultancy.jpg]
[www.swarnatara.com/images/finance.jpg]
[www.swarnatara.com/images/jewlery.jpg]
[www.swarnatara.com/images/healthcare.jpg]
[www.swarnatara.com/images/fashion.jpg]
[www.swarnatara.com/images/developers.jpg]
[www.swarnatara.com/images/collab.jpg]
[www.swarnatara.com/images/tours.jpg]
[www.swarnatara.com/images/spirituals.jpg]
[www.swarnatara.com/images/slider/slider1.jpg]
[www.swarnatara.com/images/slider/slider2.jpg]
[www.swarnatara.com/images/slider/slider4.jpg]
[www.swarnatara.com/images/slider/slider5.jpg]
[www.swarnatara.com/images/slider/fashion.jpg]
[www.swarnatara.com/images/slider/developers.jpg]
[www.swarnatara.com/images/slider/spirituals.jpg]
[www.swarnatara.com/images/about-us/1.png]
[www.swarnatara.com/images/icons/consultancy.png]
[www.swarnatara.com/images/icons/finance.png]
[www.swarnatara.com/images/icons/jewels.png]
[www.swarnatara.com/images/icons/healthcare.png]
[www.swarnatara.com/images/icons/fashion.png]
[www.swarnatara.com/images/icons/developer.png]
[www.swarnatara.com/images/icons/swarntaraCollobrations.png]
[www.swarnatara.com/images/icons/spirituals.png]
[www.swarnatara.com/images/icons/csr1B.png]
[www.swarnatara.com/images/icons/csr2B.png]
[www.swarnatara.com/images/icons/csr3B.png]
[www.swarnatara.com/images/book-our-cargo/1.jpg]
[www.swarnatara.com/images/blog/recent-posts/1.jpg]
[www.swarnatara.com/images/blog/recent-posts/2.jpg]
[www.swarnatara.com/images/testimonials/1.jpg]
[www.swarnatara.com/images/map/footer-map.png]
[www.swarnatara.com/js/jquery-1.11.3/jquery.min.js]
[translate.google.com/translate_a/element.4ea0d8.delayed]
[www.swarnatara.com/revolution/js/jquery.themepunch.tools.min.js]
[www.swarnatara.com/revolution/js/jquery.themepunch.revolution.min.js]
[www.swarnatara.com/revolution/js/extensions/revolution.extension.actions.min.js]
[www.swarnatara.com/revolution/js/extensions/revolution.extension.carousel.min.js]
[www.swarnatara.com/revolution/js/extensions/revolution.extension.kenburn.min.js]
[www.swarnatara.com/revolution/js/extensions/revolution.extension.layeranimation.min.js]
[www.swarnatara.com/revolution/js/extensions/revolution.extension.migration.min.js]
[www.swarnatara.com/revolution/js/extensions/revolution.extension.navigation.min.js]
[www.swarnatara.com/revolution/js/extensions/revolution.extension.parallax.min.js]
[www.swarnatara.com/revolution/js/extensions/revolution.extension.slideanims.min.js]
[www.swarnatara.com/revolution/js/extensions/revolution.extension.video.min.js]
[www.swarnatara.com/js/parallax/jquery.parallax-1.1.3.js]
[www.swarnatara.com/js/parallax/jquery.localscroll-1.2.7-min.js]
[www.swarnatara.com/js/parallax/jquery.scrollTo-1.4.2-min.js]
[www.swarnatara.com/js/retina/retina.js]
[www.swarnatara.com/js/owl-carousel/owl.carousel.js]
[www.swarnatara.com/js/fitvids/jquery.fitvids.js]
[www.swarnatara.com/js/magnific-popup/jquery.magnific-popup.js]
[www.swarnatara.com/js/jquery.counterup.min.js]
[www.swarnatara.com/js/jquery.webticker.js]
[www.swarnatara.com/js/custom/custom.js]
[www.swarnatara.com/home.html]
[code.jquery.com/jquery-3.1.1.min.js]
[www.swarnatara.com/css/bootstrap/bootstrap.min.css]
[www.swarnatara.com/css/all-stylesheets.css]
[www.swarnatara.com/images/stripLeft.png]
[www.swarnatara.com/images/stripRight.png]
[www.swarnatara.com/images/menuAboutbg.png]
[www.swarnatara.com/images/companybg.png]
[www.swarnatara.com/images/graph.png]
[www.swarnatara.com/images/textures/light-03.jpg]
[www.swarnatara.com/images/breadcrumbs/corporateGovernance.jpg]
[www.swarnatara.com/images/innerPage/value.jpg]
[www.swarnatara.com/images/innerPage/2.jpg]
[www.swarnatara.com/images/innerPage/purpose.jpg]
[www.swarnatara.com/images/innerPage/future-thinking.jpg]
[www.swarnatara.com/images/parallax/visionbg.jpg]
[www.swarnatara.com/css/custom.css]
[www.swarnatara.com/images/breadcrumbs/worldwide.jpg]
[www.swarnatara.com/images/map/worldmap.png]
[www.swarnatara.com/worldwide.html]
[www.swarnatara.com/images/breadcrumbs/downloads.jpg]
[www.swarnatara.com/js/contact/contact-form.js]
[www.swarnatara.com/downloads.html]
[www.swarnatara.com/images/icons/revolutionary.png]
[www.swarnatara.com/images/icons/Reliable.png]
[www.swarnatara.com/images/icons/Brilliance.png]
[www.swarnatara.com/images/icons/Unanimity.png]
[www.swarnatara.com/images/icons/Accountability.png]
[www.swarnatara.com/images/icons/purpose.png]
[www.swarnatara.com/images/icons/vision.png]
[www.swarnatara.com/images/icons/mission.png]
[www.swarnatara.com/corporate-governance.html]
[www.swarnatara.com/images/breadcrumbs/excellence.jpg]
[www.swarnatara.com/images/innerPage/excellence.jpg]
[www.swarnatara.com/images/icons/businessExcellence1.png]
[www.swarnatara.com/images/icons/businessExcellence2.png]
[www.swarnatara.com/images/icons/businessExcellence3.png]
[www.swarnatara.com/images/innerPage/innovation.jpg]
[www.swarnatara.com/excellence.html]
[www.swarnatara.com/images/breadcrumbs/management.jpg]
[www.swarnatara.com/images/innerPage/management.jpg]
[www.swarnatara.com/images/our-team/team.jpg]
[www.swarnatara.com/management.html]
[www.swarnatara.com/images/breadcrumbs/bussiness.jpg]
[www.swarnatara.com/images/business/sctp.jpg]
[www.swarnatara.com/images/logo/sctp.png]
[www.swarnatara.com/images/business/jewellery.jpg]
[www.swarnatara.com/images/logo/jewels.png]
[www.swarnatara.com/images/business/healthCare.jpg]
[www.swarnatara.com/images/logo/healthcare.png]
[www.swarnatara.com/images/business/fashion.jpg]
[www.swarnatara.com/images/logo/fashion.png]
[www.swarnatara.com/images/business/developers.jpg]
[www.swarnatara.com/images/logo/developers.png]
[www.swarnatara.com/images/business/collab-banner.jpg]
[www.swarnatara.com/images/logo/collab.png]
[www.swarnatara.com/images/business/tours.jpg]
[www.swarnatara.com/images/logo/tourss.png]
[www.swarnatara.com/images/business/spirituals.jpg]
[www.swarnatara.com/images/logo/spirituals.png]
[www.swarnatara.com/images/business/sfh.jpg]
[www.swarnatara.com/images/logo/sfh.png]
[www.swarnatara.com/ourBusiness.html]
[www.swarnatara.com/images/breadcrumbs/csr.jpg]
[www.swarnatara.com/images/innerPage/csr.jpg]
[www.swarnatara.com/images/icons/csr1.png]
[www.swarnatara.com/images/icons/csr2.png]
[www.swarnatara.com/images/icons/csr3.png]
[www.swarnatara.com/csr.html]
[www.swarnatara.com/images/breadcrumbs/investor.jpg]
[www.swarnatara.com/js/form/jquery.form.min.js]
[www.swarnatara.com/js/form/jquery.validate.min.js]
[www.swarnatara.com/investorsDesk.html]
[www.swarnatara.com/images/breadcrumbs/workWithUs.jpg]
[www.swarnatara.com/working-with-us.html]
[code.jquery.com/jquery-1.11.3.js]
[www.swarnatara.com/images/breadcrumbs/contact.jpg]
[www.swarnatara.com/contact.html]
[translate.google.com/translate_a/elementa0d8.html]
[www.swarnatara.com/cdnjs.cloudflare.com/ajax/libs/waypoints/2.0.3/waypoints.min.html]
[www.swarnatara.com/css/webticker.css]
[www.swarnatara.com/css/fonts/glyphicons-halflings-regular.html]
[www.swarnatara.com/css/fonts/glyphicons-halflings-regulard41dd41d.html]
[www.swarnatara.com/css/fonts/glyphicons-halflings-regular-2.html]
[www.swarnatara.com/css/fonts/glyphicons-halflings-regular-3.html]
[www.swarnatara.com/css/fonts/glyphicons-halflings-regular-4.html]
[www.swarnatara.com/css/fonts/glyphicons-halflings-regular-5.html]
[www.swarnatara.com/images/vertical-images/1.jpg]
[www.swarnatara.com/images/vertical-images/2.jpg]
[www.swarnatara.com/images/vertical-images/3.jpg]
[www.swarnatara.com/images/vertical-images/4.jpg]
[www.swarnatara.com/images/fast/1.jpg]
[www.swarnatara.com/images/inner-banner/overlay-black.png]
[www.swarnatara.com/images/breadcrumbs/bg.png]
[www.swarnatara.com/images/inner-banner/1.jpg]
[www.swarnatara.com/images/inner-banner/2.jpg]
[www.swarnatara.com/images/inner-banner/3.jpg]
[www.swarnatara.com/images/inner-banner/4.jpg]
[www.swarnatara.com/images/inner-banner/5.jpg]
[www.swarnatara.com/images/inner-banner/6.jpg]
[www.swarnatara.com/images/inner-banner/7.jpg]
[www.swarnatara.com/images/inner-banner/8.jpg]
[www.swarnatara.com/images/inner-banner/9.jpg]
[www.swarnatara.com/images/inner-banner/10.jpg]
[www.swarnatara.com/images/inner-banner/11.jpg]
[www.swarnatara.com/images/inner-banner/12.jpg]
[www.swarnatara.com/images/inner-banner/13.jpg]
[www.swarnatara.com/images/inner-banner/14.jpg]
[www.swarnatara.com/images/shop/login/1.jpg]
[www.swarnatara.com/images/error/1.jpg]
[www.swarnatara.com/images/newsletter/overlay.jpg]
[www.swarnatara.com/images/parallax/5.jpg]
[www.swarnatara.com/images/parallax/6.jpg]
[www.swarnatara.com/images/parallax/7.jpg]
[www.swarnatara.com/images/parallax/8.jpg]
[www.swarnatara.com/images/parallax/9.jpg]
[www.swarnatara.com/images/parallax/map.png]
[www.swarnatara.com/images/parallax/map-1.png]
[www.swarnatara.com/images/parallax/map-2.png]
[www.swarnatara.com/images/textures/light-01.png]
[www.swarnatara.com/images/textures/light-02.jpg]
[www.swarnatara.com/images/textures/dark-01.jpg]
[www.swarnatara.com/images/textures/dark-02.jpg]
[www.swarnatara.com/images/textures/dark-03.jpg]
[www.swarnatara.com/images/inner-banner/overlay-black-2.png]
[www.swarnatara.com/images/breadcrumbs/bg-2.png]
[www.swarnatara.com/css/stylesheet.css]
[www.swarnatara.com/css/spinkit/spinkit.css]
[www.swarnatara.com/js/magnific-popup/magnific-popup.css]
[www.swarnatara.com/revolution/fonts/revicons/revicons90c690c6.eot]
[www.swarnatara.com/revolution/fonts/revicons/revicons90c690c6.woff]
[www.swarnatara.com/revolution/fonts/revicons/revicons90c690c6.ttf]
[www.swarnatara.com/revolution/assets/gridtile.png]
[www.swarnatara.com/revolution/assets/gridtile_white.png]
[www.swarnatara.com/revolution/assets/gridtile_3x3.png]
[www.swarnatara.com/revolution/assets/gridtile_3x3_white.png]
[www.swarnatara.com/revolution/assets/coloredbg.png]
[www.swarnatara.com/revolution/assets/loader.gif]
[www.swarnatara.com/revolution/css/settings.css]
[www.swarnatara.com/revolution/css/layers.css]
[www.swarnatara.com/revolution/css/navigation.css]
[www.swarnatara.com/revolution/fonts/pe-icon-7-stroke/fonts/Pe-icon-7-strokebb1dbb1d.eot]
[www.swarnatara.com/revolution/fonts/pe-icon-7-stroke/fonts/Pe-icon-7-stroked41dd41d.eot]
[www.swarnatara.com/revolution/fonts/pe-icon-7-stroke/fonts/Pe-icon-7-strokebb1dbb1d.woff]
[www.swarnatara.com/revolution/fonts/pe-icon-7-stroke/fonts/Pe-icon-7-strokebb1dbb1d.ttf]
[www.swarnatara.com/revolution/fonts/pe-icon-7-stroke/css/pe-icon-7-stroke.css]
[www.swarnatara.com/revolution/fonts/font-awesome/fonts/fontawesome-webfont78ce78ce.eot]
[www.swarnatara.com/revolution/fonts/font-awesome/fonts/fontawesome-webfontd41dd41d.eot]
[www.swarnatara.com/revolution/fonts/font-awesome/fonts/fontawesome-webfont78ce78ce.woff]
[www.swarnatara.com/revolution/fonts/font-awesome/fonts/fontawesome-webfont78ce78ce.ttf]
[www.swarnatara.com/revolution/fonts/font-awesome/css/font-awesome.min.css]
[www.swarnatara.com/js/owl-carousel/owl.carousel.css]
[www.swarnatara.com/js/owl-carousel/owl.theme.default.min.css]
[www.swarnatara.com/fonts/font-awesome/fonts/fontawesome-webfont93e393e3.eot]
[www.swarnatara.com/fonts/font-awesome/fonts/fontawesome-webfontd41dd41d.eot]
[www.swarnatara.com/fonts/font-awesome/fonts/fontawesome-webfont93e393e3.woff]
[www.swarnatara.com/fonts/font-awesome/fonts/fontawesome-webfont93e393e3.ttf]
[www.swarnatara.com/fonts/font-awesome/css/font-awesome.min.css]
[www.swarnatara.com/fonts/icomoon/fonts/icomoon3c7d3c7d.eot]
[www.swarnatara.com/fonts/icomoon/fonts/icomoon3c7d3c7d.ttf]
[www.swarnatara.com/fonts/icomoon/fonts/icomoon3c7d3c7d.woff]
[www.swarnatara.com/fonts/icomoon/style.css]
[www.swarnatara.com/js/overlay-menu/img/cross.png]
[www.swarnatara.com/js/overlay-menu/css/style12.css]
[www.swarnatara.com/js/form/sky-forms2.css]
[www.swarnatara.com/css/left.html]
[www.swarnatara.com/css/right.html]
[p3nlhclust404.shr.prod.phx3.secureserver.net/SharedContent/images/404.gif]
[p3nlhclust404.shr.prod.phx3.secureserver.net/SharedContent/images/500.gif]
[p3nlhclust404.shr.prod.phx3.secureserver.net/SharedContent/images/comingsoon.gif]
[p3nlhclust404.shr.prod.phx3.secureserver.net/SharedContent/404-etc-styles.css]
[www.swarnatara.com/images/parallax/1.html]
[www.swarnatara.com/images/parallax/2.html]
[www.swarnatara.com/images/parallax/3.html]
[www.swarnatara.com/images/parallax/4.html]
[www.swarnatara.com/revolution/fonts/revicons/revicons90c690c6.svg]
[www.swarnatara.com/revolution/css/openhand.html]
[www.swarnatara.com/revolution/css/closedhand.html]
[www.swarnatara.com/revolution/fonts/pe-icon-7-stroke/fonts/Pe-icon-7-strokebb1dbb1d.svg]
[www.swarnatara.com/revolution/fonts/font-awesome/fonts/fontawesome-webfont78ce78ce.svg]
[www.swarnatara.com/js/owl-carousel/owl.video.play.html]
[www.swarnatara.com/fonts/font-awesome/fonts/fontawesome-webfont93e393e3.html]
[www.swarnatara.com/fonts/font-awesome/fonts/fontawesome-webfont93e393e3.svg]
[www.swarnatara.com/fonts/icomoon/fonts/icomoon3c7d3c7d.svg]
[p3nlhclust404.shr.prod.phx3.secureserver.net/SharedContent/images/body-bg.gif]
[p3nlhclust404.shr.prod.phx3.secureserver.net/SharedContent/images/info-top-bg.gif]
[p3nlhclust404.shr.prod.phx3.secureserver.net/SharedContent/images/suspended.gif]
